/**
 * @fileoverview Character Sheet Pure Helpers
 * @description Pure factory and math utilities for character sheets.
 */

import type { AbilityKey, CharacterSheet, TierLevel } from '@/lib/types/character';

/**
 * Proficiency levels from unproficient to savant.
 *
 * @constant TIER_CYCLE
 */
export const TIER_CYCLE = ['none', 'familiarity', 'proficient', 'expertise', 'savanthood'];

/**
 * Proficiency pip levels (excludes 'none').
 *
 * @constant TIER_LEVELS
 */
export const TIER_LEVELS = ['familiarity', 'proficient', 'expertise', 'savanthood'];

/**
 * Proficiency level display labels and tooltips.
 */
export const TIER_LABELS = {
  none: { label: 'Unproficient', tooltip: 'No tier bonus' },
  familiarity: { label: 'Familiarity', tooltip: '½ tier bonus' },
  proficient: { label: 'Proficient', tooltip: 'Full tier bonus' },
  expertise: { label: 'Expertise', tooltip: 'Double tier bonus' },
  savanthood: { label: 'Savanthood', tooltip: 'Triple tier bonus' },
};

/**
 * Compute tier bonus from level.
 */
export const computeTierBonus = (level: number): number =>
  level >= 30 ? 10 : Math.ceil(1 + level / 4);

/**
 * Compute ability modifier from an ability score.
 */
export const computeAbilityModifier = (score: number): number =>
  Math.floor((score - 10) / 2);
