/**
 * @fileoverview Character Sheet Types
 */

import type { HitDieRollEntry } from './hitDice';

/**
 * Proficiency level for saves and skills.
 *
 * @typedef {'none'|'familiarity'|'proficient'|'expertise'|'savanthood'} TierLevel
 */
export type TierLevel =
  | 'none'
  | 'familiarity'
  | 'proficient'
  | 'expertise'
  | 'savanthood';

export type AbilityKey = 'str' | 'dex' | 'con' | 'int' | 'wis' | 'cha';

export interface CharacterSkill {
  name: string;
  ability: AbilityKey;
  tier: TierLevel;
}

export interface CharacterTool {
  name: string;
  tier: TierLevel;
}

export interface CharacterSheet {
  id: string;
  name: string;
  level: number;
  tierBonus: number;
  savingThrows: Record<AbilityKey, TierLevel>;
  skills: CharacterSkill[];
  tools: CharacterTool[];
}
