/**
 * Encounter planner domain types.
 */

export interface CreatureEntry {
  id: string;
  name: string;
  cr: string | null;
  tierBonus: number | null;
  ac: number;
  hpMax: number;
  speed: string | null;
}

export interface HeroicAwakeningState {
  tier: 'awakened' | 'legendary' | 'mythic';
  bonuses: {
    tierBonus: number;
    acBonus: number;
    savingThrowBonus: number;
  };
}

export interface InProgressCombatant {
  id: string;
  name: string;
  tierBonus: number | null;
  tierBonusOverride: number | null;
  ac: number;
  hpMax: number;
  hpCurrent: number;
  heroicState: HeroicAwakeningState | null;
}

export function resolveDisplayTierBonus(c: InProgressCombatant): number | null {
  return c.tierBonusOverride ?? c.tierBonus;
}
