---
name: mdx-format-monsters
description: Monster stat block format (.sheet.mdx). Required structure, stat table, Challenge Rating, section dividers, feature headings, Legendary Deeds, Spellcasting, Meta directive, metadata fields, health-check rules.
---

# Monster Stat Block Format

## Required Structure

Every `.sheet.mdx` file must follow this exact structure:

1. **H1**: Monster name
2. **Italic subtitle**: Type tags (e.g., _Hiisi of False Life_)
3. **BlendedImage**: Artwork
4. **Italic line**: Size, creature type, alignment
5. **Stat tables**: AC/HP/Speed, ability scores
6. **Key bullets**: Saving Throws, Skills, Resistances, Immunities, Senses, Languages, Challenge, **Tier Bonus**
7. **Section divider**: `---`
8. **Traits / Actions / Legendary Deeds**: H2 sections with H4 feature headings

## Required Fields in Key Bullets

- **Tier Bonus**: +N (required, numeric)
- **Challenge**: CR (XP) (required)
- **Senses**: passive Perception N (required)

## Template

```mdx
- **Saving Throws**: Con +5, Wis +3
- **Skills**: Perception +7, Stealth +5
- **Damage Resistances**: Cold, Fire
- **Senses**: Darkvision 60 ft., passive Perception 17
- **Languages**: Common, Draconic
- **Challenge**: 5 (1,800 XP)
- **Tier Bonus**: +3
```

## Health Check

- `**Tier Bonus**` bullet present
- `**Tier Bonus**` value matches challenge rating per the CR table
